[INFO] Scanning for projects...
[INFO] 
[INFO] -------------------------< com.pieca:backend >--------------------------
[INFO] Building pieca-backend 0.0.1-SNAPSHOT
[INFO]   from pom.xml
[INFO] --------------------------------[ jar ]---------------------------------
[INFO] 
[INFO] --- clean:3.5.0:clean (default-clean) @ backend ---
[INFO] Deleting /app/target
[INFO] 
[INFO] --- resources:3.3.1:resources (default-resources) @ backend ---
[INFO] Copying 2 resources from src/main/resources to target/classes
[INFO] Copying 3 resources from src/main/resources to target/classes
[INFO] 
[INFO] --- compiler:3.11.0:compile (default-compile) @ backend ---
[INFO] Changes detected - recompiling the module! :source
[INFO] Compiling 56 source files with javac [debug release 17] to target/classes
[INFO] /app/src/main/java/com/pieca/backend/handlers/GlobalExceptionHandler.java: Some input files use or override a deprecated API.
[INFO] /app/src/main/java/com/pieca/backend/handlers/GlobalExceptionHandler.java: Recompile with -Xlint:deprecation for details.
[INFO] -------------------------------------------------------------
[WARNING] COMPILATION WARNING : 
[INFO] -------------------------------------------------------------
[WARNING] /app/src/main/java/com/pieca/backend/mappers/RequestMapper.java:[16,13] Unmapped target property: "offers".
[WARNING] /app/src/main/java/com/pieca/backend/mappers/UserMapper.java:[10,10] Unmapped target properties: "passwordHash, sellerProfile, requests, offers".
[WARNING] /app/src/main/java/com/pieca/backend/mappers/SellerProfileMapper.java:[10,19] Unmapped target properties: "user, categories".
[INFO] 3 warnings 
[INFO] -------------------------------------------------------------
[INFO] -------------------------------------------------------------
[ERROR] COMPILATION ERROR : 
[INFO] -------------------------------------------------------------
[ERROR] /app/src/main/java/com/pieca/backend/services/RequestService.java:[166,119] cannot find symbol
  symbol:   method getStoreName()
  location: class com.pieca.backend.domain.entities.SellerProfile
[ERROR] /app/src/main/java/com/pieca/backend/services/RequestService.java:[186,52] cannot find symbol
  symbol:   method getLabel()
  location: class com.pieca.backend.domain.entities.Category
[INFO] 2 errors 
[INFO] -------------------------------------------------------------
[INFO] ------------------------------------------------------------------------
[INFO] BUILD FAILURE
[INFO] ------------------------------------------------------------------------
[INFO] Total time:  17.361 s
[INFO] Finished at: 2026-03-23T21:58:32Z
[INFO] ------------------------------------------------------------------------
[ERROR] Failed to execute goal org.apache.maven.plugins:maven-compiler-plugin:3.11.0:compile (default-compile) on project backend: Compilation failure: Compilation failure: 
[ERROR] /app/src/main/java/com/pieca/backend/services/RequestService.java:[166,119] cannot find symbol
[ERROR]   symbol:   method getStoreName()
[ERROR]   location: class com.pieca.backend.domain.entities.SellerProfile
[ERROR] /app/src/main/java/com/pieca/backend/services/RequestService.java:[186,52] cannot find symbol
[ERROR]   symbol:   method getLabel()
[ERROR]   location: class com.pieca.backend.domain.entities.Category
[ERROR] -> [Help 1]
[ERROR] 
[ERROR] To see the full stack trace of the errors, re-run Maven with the -e switch.
[ERROR] Re-run Maven using the -X switch to enable full debug logging.
[ERROR] 
[ERROR] For more information about the errors and possible solutions, please read the following articles:
[ERROR] [Help 1] http://cwiki.apache.org/confluence/display/MAVEN/MojoFailureException
